Di 1. Jul 20:52:57 CEST 2025
--2025-07-01 20:52:57--  https://dev-www.libreoffice.org/src/libabw-0.1.3.tar.xz
Auflösen des Hostnamens dev-www.libreoffice.org (dev-www.libreoffice.org) … 2a01:4f8:c012:468c::1, 49.13.94.35
Verbindungsaufbau zu dev-www.libreoffice.org (dev-www.libreoffice.org)|2a01:4f8:c012:468c::1|:443 … verbunden.
HTTP-Anforderung gesendet, auf Antwort wird gewartet … 200 OK
Länge: 318808 (311K) [application/octet-stream]
Wird in ‘./libabw-0.1.3.tar.xz’ gespeichert.

     0K ....                                                 100%  678K=0,5s

2025-07-01 20:52:57 (678 KB/s) - ‘./libabw-0.1.3.tar.xz’ gespeichert [318808/318808]

--2025-07-01 20:52:58--  https://dev-www.libreoffice.org/src/phc-winner-argon2-20190702.tar.gz
Auflösen des Hostnamens dev-www.libreoffice.org (dev-www.libreoffice.org) … 2a01:4f8:c012:468c::1, 49.13.94.35
Verbindungsaufbau zu dev-www.libreoffice.org (dev-www.libreoffice.org)|2a01:4f8:c012:468c::1|:443 … verbunden.
HTTP-Anforderung gesendet, auf Antwort wird gewartet … 200 OK
Länge: 1505307 (1,4M) [application/octet-stream]
Wird in ‘./phc-winner-argon2-20190702.tar.gz’ gespeichert.

     0K ........ ........ ......                             100% 1,02M=1,4s

2025-07-01 20:52:59 (1,02 MB/s) - ‘./phc-winner-argon2-20190702.tar.gz’ gespeichert [1505307/1505307]

--2025-07-01 20:52:59--  https://dev-www.libreoffice.org/src/box2d-2.4.1.tar.gz
Auflösen des Hostnamens dev-www.libreoffice.org (dev-www.libreoffice.org) … 2a01:4f8:c012:468c::1, 49.13.94.35
Verbindungsaufbau zu dev-www.libreoffice.org (dev-www.libreoffice.org)|2a01:4f8:c012:468c::1|:443 … verbunden.
HTTP-Anforderung gesendet, auf Antwort wird gewartet … 200 OK
Länge: 1224516 (1,2M) [application/octet-stream]
Wird in ‘./box2d-2.4.1.tar.gz’ gespeichert.

     0K ........ ........ ..                                 100%  777K=1,5s

2025-07-01 20:53:01 (777 KB/s) - ‘./box2d-2.4.1.tar.gz’ gespeichert [1224516/1224516]

--2025-07-01 20:53:01--  https://dev-www.libreoffice.org/src/breakpad-b324760c7f53667af128a6b77b790323da04fcb9.tar.xz
Auflösen des Hostnamens dev-www.libreoffice.org (dev-www.libreoffice.org) … 2a01:4f8:c012:468c::1, 49.13.94.35
Verbindungsaufbau zu dev-www.libreoffice.org (dev-www.libreoffice.org)|2a01:4f8:c012:468c::1|:443 … verbunden.
HTTP-Anforderung gesendet, auf Antwort wird gewartet … 200 OK
Länge: 5000956 (4,8M) [application/octet-stream]
Wird in ‘./breakpad-b324760c7f53667af128a6b77b790323da04fcb9.tar.xz’ gespeichert.

     0K ........ ........ ........ ........ ........ ........ 62% 1,29M 1s
  3072K ........ ........ ........ ....                      100% 1,79M=3,3s

2025-07-01 20:53:05 (1,44 MB/s) - ‘./breakpad-b324760c7f53667af128a6b77b790323da04fcb9.tar.xz’ gespeichert [5000956/5000956]

--2025-07-01 20:53:05--  https://dev-www.libreoffice.org/src/bsh-2.1.1-src.zip
Auflösen des Hostnamens dev-www.libreoffice.org (dev-www.libreoffice.org) … 2a01:4f8:c012:468c::1, 49.13.94.35
Verbindungsaufbau zu dev-www.libreoffice.org (dev-www.libreoffice.org)|2a01:4f8:c012:468c::1|:443 … verbunden.
HTTP-Anforderung gesendet, auf Antwort wird gewartet … 200 OK
Länge: 2208737 (2,1M) [application/zip]
Wird in ‘./bsh-2.1.1-src.zip’ gespeichert.

     0K ........ ........ ........ ........ .                100% 1,32M=1,6s

2025-07-01 20:53:07 (1,32 MB/s) - ‘./bsh-2.1.1-src.zip’ gespeichert [2208737/2208737]

--2025-07-01 20:53:07--  https://dev-www.libreoffice.org/src/bzip2-1.0.8.tar.gz
Auflösen des Hostnamens dev-www.libreoffice.org (dev-www.libreoffice.org) … 2a01:4f8:c012:468c::1, 49.13.94.35
Verbindungsaufbau zu dev-www.libreoffice.org (dev-www.libreoffice.org)|2a01:4f8:c012:468c::1|:443 … verbunden.
HTTP-Anforderung gesendet, auf Antwort wird gewartet … 200 OK
Länge: 810029 (791K) [application/octet-stream]
Wird in ‘./bzip2-1.0.8.tar.gz’ gespeichert.

     0K ........ ....                                        100% 1,20M=0,6s

2025-07-01 20:53:08 (1,20 MB/s) - ‘./bzip2-1.0.8.tar.gz’ gespeichert [810029/810029]

--2025-07-01 20:53:08--  https://dev-www.libreoffice.org/src/libcdr-0.1.8.tar.xz
Auflösen des Hostnamens dev-www.libreoffice.org (dev-www.libreoffice.org) … 2a01:4f8:c012:468c::1, 49.13.94.35
Verbindungsaufbau zu dev-www.libreoffice.org (dev-www.libreoffice.org)|2a01:4f8:c012:468c::1|:443 … verbunden.
HTTP-Anforderung gesendet, auf Antwort wird gewartet … 200 OK
Länge: 625836 (611K) [application/octet-stream]
Wird in ‘./libcdr-0.1.8.tar.xz’ gespeichert.

     0K ........ .                                           100% 1,11M=0,5s

2025-07-01 20:53:09 (1,11 MB/s) - ‘./libcdr-0.1.8.tar.xz’ gespeichert [625836/625836]

--2025-07-01 20:53:09--  https://dev-www.libreoffice.org/src/48d647fbd8ef8889e5a7f422c1bfda94-clucene-core-2.3.3.4.tar.gz
Auflösen des Hostnamens dev-www.libreoffice.org (dev-www.libreoffice.org) … 2a01:4f8:c012:468c::1, 49.13.94.35
Verbindungsaufbau zu dev-www.libreoffice.org (dev-www.libreoffice.org)|2a01:4f8:c012:468c::1|:443 … verbunden.
HTTP-Anforderung gesendet, auf Antwort wird gewartet … 200 OK
Länge: 2241498 (2,1M) [application/octet-stream]
Wird in ‘./48d647fbd8ef8889e5a7f422c1bfda94-clucene-core-2.3.3.4.tar.gz’ gespeichert.

     0K ........ ........ ........ ........ ..               100% 1,53M=1,4s

2025-07-01 20:53:11 (1,53 MB/s) - ‘./48d647fbd8ef8889e5a7f422c1bfda94-clucene-core-2.3.3.4.tar.gz’ gespeichert [2241498/2241498]

--2025-07-01 20:53:11--  https://dev-www.libreoffice.org/src/dragonbox-1.1.3.tar.gz
Auflösen des Hostnamens dev-www.libreoffice.org (dev-www.libreoffice.org) … 2a01:4f8:c012:468c::1, 49.13.94.35
Verbindungsaufbau zu dev-www.libreoffice.org (dev-www.libreoffice.org)|2a01:4f8:c012:468c::1|:443 … verbunden.
HTTP-Anforderung gesendet, auf Antwort wird gewartet … 200 OK
Länge: 4337233 (4,1M) [application/octet-stream]
Wird in ‘./dragonbox-1.1.3.tar.gz’ gespeichert.

     0K ........ ........ ........ ........ ........ ........ 72% 1,23M 1s
  3072K ........ ........ ..                                 100% 2,04M=3,0s

2025-07-01 20:53:14 (1,38 MB/s) - ‘./dragonbox-1.1.3.tar.gz’ gespeichert [4337233/4337233]

--2025-07-01 20:53:14--  https://dev-www.libreoffice.org/src/dtoa-20180411.tgz
Auflösen des Hostnamens dev-www.libreoffice.org (dev-www.libreoffice.org) … 2a01:4f8:c012:468c::1, 49.13.94.35
Verbindungsaufbau zu dev-www.libreoffice.org (dev-www.libreoffice.org)|2a01:4f8:c012:468c::1|:443 … verbunden.
HTTP-Anforderung gesendet, auf Antwort wird gewartet … 200 OK
Länge: 48893 (48K) [application/octet-stream]
Wird in ‘./dtoa-20180411.tgz’ gespeichert.

     0K                                                      100% 1,41M=0,03s

2025-07-01 20:53:15 (1,41 MB/s) - ‘./dtoa-20180411.tgz’ gespeichert [48893/48893]

--2025-07-01 20:53:15--  https://dev-www.libreoffice.org/src/libcmis-0.6.2.tar.xz
Auflösen des Hostnamens dev-www.libreoffice.org (dev-www.libreoffice.org) … 2a01:4f8:c012:468c::1, 49.13.94.35
Verbindungsaufbau zu dev-www.libreoffice.org (dev-www.libreoffice.org)|2a01:4f8:c012:468c::1|:443 … verbunden.
HTTP-Anforderung gesendet, auf Antwort wird gewartet … 200 OK
Länge: 488736 (477K) [application/octet-stream]
Wird in ‘./libcmis-0.6.2.tar.xz’ gespeichert.

     0K .......                                              100%  906K=0,5s

2025-07-01 20:53:16 (906 KB/s) - ‘./libcmis-0.6.2.tar.xz’ gespeichert [488736/488736]

--2025-07-01 20:53:16--  https://dev-www.libreoffice.org/src/CoinMP-1.8.4.tgz
Auflösen des Hostnamens dev-www.libreoffice.org (dev-www.libreoffice.org) … 2a01:4f8:c012:468c::1, 49.13.94.35
Verbindungsaufbau zu dev-www.libreoffice.org (dev-www.libreoffice.org)|2a01:4f8:c012:468c::1|:443 … verbunden.
HTTP-Anforderung gesendet, auf Antwort wird gewartet … 200 OK
Länge: 10778373 (10M) [application/octet-stream]
Wird in ‘./CoinMP-1.8.4.tgz’ gespeichert.

     0K ........ ........ ........ ........ ........ ........ 29% 1,27M 6s
  3072K ........ ........ ........ ........ ........ ........ 58% 1,11M 4s
  6144K ........ ........ ........ ........ ........ ........ 87% 1,57M 1s
  9216K ........ ........ ....                               100% 1,74M=7,7s

2025-07-01 20:53:24 (1,34 MB/s) - ‘./CoinMP-1.8.4.tgz’ gespeichert [10778373/10778373]

--2025-07-01 20:53:24--  https://dev-www.libreoffice.org/src/cppunit-1.15.1.tar.gz
Auflösen des Hostnamens dev-www.libreoffice.org (dev-www.libreoffice.org) … 2a01:4f8:c012:468c::1, 49.13.94.35
Verbindungsaufbau zu dev-www.libreoffice.org (dev-www.libreoffice.org)|2a01:4f8:c012:468c::1|:443 … verbunden.
HTTP-Anforderung gesendet, auf Antwort wird gewartet … 200 OK
Länge: 814363 (795K) [application/octet-stream]
Wird in ‘./cppunit-1.15.1.tar.gz’ gespeichert.

     0K ........ ....                                        100%  912K=0,9s

2025-07-01 20:53:25 (912 KB/s) - ‘./cppunit-1.15.1.tar.gz’ gespeichert [814363/814363]

--2025-07-01 20:53:25--  https://dev-www.libreoffice.org/src/curl-8.12.1.tar.xz
Auflösen des Hostnamens dev-www.libreoffice.org (dev-www.libreoffice.org) … 2a01:4f8:c012:468c::1, 49.13.94.35
Verbindungsaufbau zu dev-www.libreoffice.org (dev-www.libreoffice.org)|2a01:4f8:c012:468c::1|:443 … verbunden.
HTTP-Anforderung gesendet, auf Antwort wird gewartet … 200 OK
Länge: 2768160 (2,6M) [application/octet-stream]
Wird in ‘./curl-8.12.1.tar.xz’ gespeichert.

     0K ........ ........ ........ ........ ........ ..      100% 1,25M=2,1s

2025-07-01 20:53:28 (1,25 MB/s) - ‘./curl-8.12.1.tar.xz’ gespeichert [2768160/2768160]

--2025-07-01 20:53:28--  https://dev-www.libreoffice.org/src/libe-book-0.1.3.tar.xz
Auflösen des Hostnamens dev-www.libreoffice.org (dev-www.libreoffice.org) … 2a01:4f8:c012:468c::1, 49.13.94.35
Verbindungsaufbau zu dev-www.libreoffice.org (dev-www.libreoffice.org)|2a01:4f8:c012:468c::1|:443 … verbunden.
HTTP-Anforderung gesendet, auf Antwort wird gewartet … 200 OK
Länge: 416268 (407K) [application/octet-stream]
Wird in ‘./libe-book-0.1.3.tar.xz’ gespeichert.

     0K ......                                               100%  801K=0,5s

2025-07-01 20:53:28 (801 KB/s) - ‘./libe-book-0.1.3.tar.xz’ gespeichert [416268/416268]

--2025-07-01 20:53:29--  https://dev-www.libreoffice.org/src/3ade8cfe7e59ca8e65052644fed9fca4-epm-3.7.tar.gz
Auflösen des Hostnamens dev-www.libreoffice.org (dev-www.libreoffice.org) … 2a01:4f8:c012:468c::1, 49.13.94.35
Verbindungsaufbau zu dev-www.libreoffice.org (dev-www.libreoffice.org)|2a01:4f8:c012:468c::1|:443 … verbunden.
HTTP-Anforderung gesendet, auf Antwort wird gewartet … 200 OK
Länge: 463264 (452K) [application/octet-stream]
Wird in ‘./3ade8cfe7e59ca8e65052644fed9fca4-epm-3.7.tar.gz’ gespeichert.

     0K .......                                              100% 1,05M=0,4s

2025-07-01 20:53:29 (1,05 MB/s) - ‘./3ade8cfe7e59ca8e65052644fed9fca4-epm-3.7.tar.gz’ gespeichert [463264/463264]

--2025-07-01 20:53:29--  https://dev-www.libreoffice.org/src/libepubgen-0.1.1.tar.xz
Auflösen des Hostnamens dev-www.libreoffice.org (dev-www.libreoffice.org) … 2a01:4f8:c012:468c::1, 49.13.94.35
Verbindungsaufbau zu dev-www.libreoffice.org (dev-www.libreoffice.org)|2a01:4f8:c012:468c::1|:443 … verbunden.
HTTP-Anforderung gesendet, auf Antwort wird gewartet … 200 OK
Länge: 324380 (317K) [application/octet-stream]
Wird in ‘./libepubgen-0.1.1.tar.xz’ gespeichert.

     0K ....                                                 100% 1,04M=0,3s

2025-07-01 20:53:30 (1,04 MB/s) - ‘./libepubgen-0.1.1.tar.xz’ gespeichert [324380/324380]

--2025-07-01 20:53:30--  https://dev-www.libreoffice.org/src/libetonyek-0.1.12.tar.xz
Auflösen des Hostnamens dev-www.libreoffice.org (dev-www.libreoffice.org) … 2a01:4f8:c012:468c::1, 49.13.94.35
Verbindungsaufbau zu dev-www.libreoffice.org (dev-www.libreoffice.org)|2a01:4f8:c012:468c::1|:443 … verbunden.
HTTP-Anforderung gesendet, auf Antwort wird gewartet … 200 OK
Länge: 1513688 (1,4M) [application/octet-stream]
Wird in ‘./libetonyek-0.1.12.tar.xz’ gespeichert.

     0K ........ ........ .......                            100% 1,27M=1,1s

2025-07-01 20:53:31 (1,27 MB/s) - ‘./libetonyek-0.1.12.tar.xz’ gespeichert [1513688/1513688]

--2025-07-01 20:53:32--  https://dev-www.libreoffice.org/src/expat-2.7.1.tar.xz
Auflösen des Hostnamens dev-www.libreoffice.org (dev-www.libreoffice.org) … 2a01:4f8:c012:468c::1, 49.13.94.35
Verbindungsaufbau zu dev-www.libreoffice.org (dev-www.libreoffice.org)|2a01:4f8:c012:468c::1|:443 … verbunden.
HTTP-Anforderung gesendet, auf Antwort wird gewartet … 200 OK
Länge: 496108 (484K) [application/octet-stream]
Wird in ‘./expat-2.7.1.tar.xz’ gespeichert.

     0K .......                                              100%  954K=0,5s

2025-07-01 20:53:32 (954 KB/s) - ‘./expat-2.7.1.tar.xz’ gespeichert [496108/496108]

--2025-07-01 20:53:32--  https://dev-www.libreoffice.org/src/Firebird-3.0.7.33374-0.tar.bz2
Auflösen des Hostnamens dev-www.libreoffice.org (dev-www.libreoffice.org) … 2a01:4f8:c012:468c::1, 49.13.94.35
Verbindungsaufbau zu dev-www.libreoffice.org (dev-www.libreoffice.org)|2a01:4f8:c012:468c::1|:443 … verbunden.
HTTP-Anforderung gesendet, auf Antwort wird gewartet … 200 OK
Länge: 9841457 (9,4M) [application/octet-stream]
Wird in ‘./Firebird-3.0.7.33374-0.tar.bz2’ gespeichert.

     0K ........ ........ ........ ........ ........ ........ 31% 1,12M 6s
  3072K ........ ........ ........ ........ ........ ........ 63% 1,24M 3s
  6144K ........ ........ ........ ........ ........ ........ 95% 1,23M 0s
  9216K ......                                               100% 1,40M=7,8s

2025-07-01 20:53:41 (1,20 MB/s) - ‘./Firebird-3.0.7.33374-0.tar.bz2’ gespeichert [9841457/9841457]

--2025-07-01 20:53:41--  https://dev-www.libreoffice.org/src/fontconfig-2.16.1.tar.xz
Auflösen des Hostnamens dev-www.libreoffice.org (dev-www.libreoffice.org) … 2a01:4f8:c012:468c::1, 49.13.94.35
Verbindungsaufbau zu dev-www.libreoffice.org (dev-www.libreoffice.org)|2a01:4f8:c012:468c::1|:443 … verbunden.
HTTP-Anforderung gesendet, auf Antwort wird gewartet … 200 OK
Länge: 1296396 (1,2M) [application/octet-stream]
Wird in ‘./fontconfig-2.16.1.tar.xz’ gespeichert.

     0K ........ ........ ...                                100%  862K=1,5s

2025-07-01 20:53:43 (862 KB/s) - ‘./fontconfig-2.16.1.tar.xz’ gespeichert [1296396/1296396]

--2025-07-01 20:53:43--  https://dev-www.libreoffice.org/src/libfreehand-0.1.2.tar.xz
Auflösen des Hostnamens dev-www.libreoffice.org (dev-www.libreoffice.org) … 2a01:4f8:c012:468c::1, 49.13.94.35
Verbindungsaufbau zu dev-www.libreoffice.org (dev-www.libreoffice.org)|2a01:4f8:c012:468c::1|:443 … verbunden.
HTTP-Anforderung gesendet, auf Antwort wird gewartet … 200 OK
Länge: 516132 (504K) [application/octet-stream]
Wird in ‘./libfreehand-0.1.2.tar.xz’ gespeichert.

     0K .......                                              100%  520K=1,0s

2025-07-01 20:53:44 (520 KB/s) - ‘./libfreehand-0.1.2.tar.xz’ gespeichert [516132/516132]

--2025-07-01 20:53:44--  https://dev-www.libreoffice.org/src/freetype-2.13.3.tar.xz
Auflösen des Hostnamens dev-www.libreoffice.org (dev-www.libreoffice.org) … 2a01:4f8:c012:468c::1, 49.13.94.35
Verbindungsaufbau zu dev-www.libreoffice.org (dev-www.libreoffice.org)|2a01:4f8:c012:468c::1|:443 … verbunden.
HTTP-Anforderung gesendet, auf Antwort wird gewartet … 200 OK
Länge: 2617564 (2,5M) [application/octet-stream]
Wird in ‘./freetype-2.13.3.tar.xz’ gespeichert.

     0K ........ ........ ........ ........ .......          100% 1,10M=2,3s

2025-07-01 20:53:47 (1,10 MB/s) - ‘./freetype-2.13.3.tar.xz’ gespeichert [2617564/2617564]

--2025-07-01 20:53:47--  https://dev-www.libreoffice.org/src/frozen-1.2.0.tar.gz
Auflösen des Hostnamens dev-www.libreoffice.org (dev-www.libreoffice.org) … 2a01:4f8:c012:468c::1, 49.13.94.35
Verbindungsaufbau zu dev-www.libreoffice.org (dev-www.libreoffice.org)|2a01:4f8:c012:468c::1|:443 … verbunden.
HTTP-Anforderung gesendet, auf Antwort wird gewartet … 200 OK
Länge: 187169 (183K) [application/octet-stream]
Wird in ‘./frozen-1.2.0.tar.gz’ gespeichert.

     0K ..                                                   100% 1,25M=0,1s

2025-07-01 20:53:47 (1,25 MB/s) - ‘./frozen-1.2.0.tar.gz’ gespeichert [187169/187169]

--2025-07-01 20:53:47--  https://dev-www.libreoffice.org/src/libepoxy-1.5.10.tar.gz
Auflösen des Hostnamens dev-www.libreoffice.org (dev-www.libreoffice.org) … 2a01:4f8:c012:468c::1, 49.13.94.35
Verbindungsaufbau zu dev-www.libreoffice.org (dev-www.libreoffice.org)|2a01:4f8:c012:468c::1|:443 … verbunden.
HTTP-Anforderung gesendet, auf Antwort wird gewartet … 200 OK
Länge: 332078 (324K) [application/octet-stream]
Wird in ‘./libepoxy-1.5.10.tar.gz’ gespeichert.

     0K .....                                                100% 1,12M=0,3s

2025-07-01 20:53:48 (1,12 MB/s) - ‘./libepoxy-1.5.10.tar.gz’ gespeichert [332078/332078]

--2025-07-01 20:53:48--  https://dev-www.libreoffice.org/src/glm-1.0.1.zip
Auflösen des Hostnamens dev-www.libreoffice.org (dev-www.libreoffice.org) … 2a01:4f8:c012:468c::1, 49.13.94.35
Verbindungsaufbau zu dev-www.libreoffice.org (dev-www.libreoffice.org)|2a01:4f8:c012:468c::1|:443 … verbunden.
HTTP-Anforderung gesendet, auf Antwort wird gewartet … 200 OK
Länge: 6201587 (5,9M) [application/zip]
Wird in ‘./glm-1.0.1.zip’ gespeichert.

     0K ........ ........ ........ ........ ........ ........ 50% 1,03M 3s
  3072K ........ ........ ........ ........ ........ ......  100%  996K=5,9s

2025-07-01 20:53:54 (1,00 MB/s) - ‘./glm-1.0.1.zip’ gespeichert [6201587/6201587]

--2025-07-01 20:53:54--  https://dev-www.libreoffice.org/src/gpgme-1.24.2.tar.bz2
Auflösen des Hostnamens dev-www.libreoffice.org (dev-www.libreoffice.org) … 2a01:4f8:c012:468c::1, 49.13.94.35
Verbindungsaufbau zu dev-www.libreoffice.org (dev-www.libreoffice.org)|2a01:4f8:c012:468c::1|:443 … verbunden.
HTTP-Anforderung gesendet, auf Antwort wird gewartet … 200 OK
Länge: 1891804 (1,8M) [application/octet-stream]
Wird in ‘./gpgme-1.24.2.tar.bz2’ gespeichert.

     0K ........ ........ ........ ....                      100% 1,20M=1,5s

2025-07-01 20:53:56 (1,20 MB/s) - ‘./gpgme-1.24.2.tar.bz2’ gespeichert [1891804/1891804]

--2025-07-01 20:53:56--  https://dev-www.libreoffice.org/src/graphite2-minimal-1.3.14.tgz
Auflösen des Hostnamens dev-www.libreoffice.org (dev-www.libreoffice.org) … 2a01:4f8:c012:468c::1, 49.13.94.35
Verbindungsaufbau zu dev-www.libreoffice.org (dev-www.libreoffice.org)|2a01:4f8:c012:468c::1|:443 … verbunden.
HTTP-Anforderung gesendet, auf Antwort wird gewartet … 200 OK
Länge: 149974 (146K) [application/octet-stream]
Wird in ‘./graphite2-minimal-1.3.14.tgz’ gespeichert.

     0K ..                                                   100%  626K=0,2s

2025-07-01 20:53:57 (626 KB/s) - ‘./graphite2-minimal-1.3.14.tgz’ gespeichert [149974/149974]

--2025-07-01 20:53:57--  https://dev-www.libreoffice.org/src/harfbuzz-8.5.0.tar.xz
Auflösen des Hostnamens dev-www.libreoffice.org (dev-www.libreoffice.org) … 2a01:4f8:c012:468c::1, 49.13.94.35
Verbindungsaufbau zu dev-www.libreoffice.org (dev-www.libreoffice.org)|2a01:4f8:c012:468c::1|:443 … verbunden.
HTTP-Anforderung gesendet, auf Antwort wird gewartet … 200 OK
Länge: 19468172 (19M) [application/octet-stream]
Wird in ‘./harfbuzz-8.5.0.tar.xz’ gespeichert.

     0K ........ ........ ........ ........ ........ ........ 16% 1019K 16s
  3072K ........ ........ ........ ........ ........ ........ 32% 1,34M 11s
  6144K ........ ........ ........ ........ ........ ........ 48% 1,24M 8s
  9216K ........ ........ ........ ........ ........ ........ 64%  914K 6s
 12288K ........ ........ ........ ........ ........ ........ 80%  694K 4s
 15360K ........ ........ ........ ........ ........ ........ 96% 1,60M 1s
 18432K ........ .                                           100% 1,54M=18s

2025-07-01 20:54:15 (1,05 MB/s) - ‘./harfbuzz-8.5.0.tar.xz’ gespeichert [19468172/19468172]

--2025-07-01 20:54:16--  https://dev-www.libreoffice.org/src/17410483b5b5f267aa18b7e00b65e6e0-hsqldb_1_8_0.zip
Auflösen des Hostnamens dev-www.libreoffice.org (dev-www.libreoffice.org) … 2a01:4f8:c012:468c::1, 49.13.94.35
Verbindungsaufbau zu dev-www.libreoffice.org (dev-www.libreoffice.org)|2a01:4f8:c012:468c::1|:443 … verbunden.
HTTP-Anforderung gesendet, auf Antwort wird gewartet … 200 OK
Länge: 3519470 (3,4M) [application/zip]
Wird in ‘./17410483b5b5f267aa18b7e00b65e6e0-hsqldb_1_8_0.zip’ gespeichert.

     0K ........ ........ ........ ........ ........ ........ 89% 1007K 0s
  3072K .....                                                100% 2,40M=3,2s

2025-07-01 20:54:19 (1,05 MB/s) - ‘./17410483b5b5f267aa18b7e00b65e6e0-hsqldb_1_8_0.zip’ gespeichert [3519470/3519470]

--2025-07-01 20:54:19--  https://dev-www.libreoffice.org/src/hunspell-1.7.2.tar.gz
Auflösen des Hostnamens dev-www.libreoffice.org (dev-www.libreoffice.org) … 2a01:4f8:c012:468c::1, 49.13.94.35
Verbindungsaufbau zu dev-www.libreoffice.org (dev-www.libreoffice.org)|2a01:4f8:c012:468c::1|:443 … verbunden.
HTTP-Anforderung gesendet, auf Antwort wird gewartet … 200 OK
Länge: 1536202 (1,5M) [application/octet-stream]
Wird in ‘./hunspell-1.7.2.tar.gz’ gespeichert.

     0K ........ ........ .......                            100% 1,34M=1,1s

2025-07-01 20:54:21 (1,34 MB/s) - ‘./hunspell-1.7.2.tar.gz’ gespeichert [1536202/1536202]

--2025-07-01 20:54:21--  https://dev-www.libreoffice.org/src/5ade6ae2a99bc1e9e57031ca88d36dad-hyphen-2.8.8.tar.gz
Auflösen des Hostnamens dev-www.libreoffice.org (dev-www.libreoffice.org) … 2a01:4f8:c012:468c::1, 49.13.94.35
Verbindungsaufbau zu dev-www.libreoffice.org (dev-www.libreoffice.org)|2a01:4f8:c012:468c::1|:443 … verbunden.
HTTP-Anforderung gesendet, auf Antwort wird gewartet … 200 OK
Länge: 638369 (623K) [application/octet-stream]
Wird in ‘./5ade6ae2a99bc1e9e57031ca88d36dad-hyphen-2.8.8.tar.gz’ gespeichert.

     0K ........ .                                           100%  375K=1,7s

2025-07-01 20:54:23 (375 KB/s) - ‘./5ade6ae2a99bc1e9e57031ca88d36dad-hyphen-2.8.8.tar.gz’ gespeichert [638369/638369]

--2025-07-01 20:54:23--  https://dev-www.libreoffice.org/src/Java-WebSocket-1.6.0.tar.gz
Auflösen des Hostnamens dev-www.libreoffice.org (dev-www.libreoffice.org) … 2a01:4f8:c012:468c::1, 49.13.94.35
Verbindungsaufbau zu dev-www.libreoffice.org (dev-www.libreoffice.org)|2a01:4f8:c012:468c::1|:443 … verbunden.
HTTP-Anforderung gesendet, auf Antwort wird gewartet … 200 OK
Länge: 190202 (186K) [application/octet-stream]
Wird in ‘./Java-WebSocket-1.6.0.tar.gz’ gespeichert.

     0K ..                                                   100% 1,69M=0,1s

2025-07-01 20:54:23 (1,69 MB/s) - ‘./Java-WebSocket-1.6.0.tar.gz’ gespeichert [190202/190202]

--2025-07-01 20:54:23--  https://dev-www.libreoffice.org/src/ba2930200c9f019c2d93a8c88c651a0f-flow-engine-0.9.4.zip
Auflösen des Hostnamens dev-www.libreoffice.org (dev-www.libreoffice.org) … 2a01:4f8:c012:468c::1, 49.13.94.35
Verbindungsaufbau zu dev-www.libreoffice.org (dev-www.libreoffice.org)|2a01:4f8:c012:468c::1|:443 … verbunden.
HTTP-Anforderung gesendet, auf Antwort wird gewartet … 200 OK
Länge: 743031 (726K) [application/zip]
Wird in ‘./ba2930200c9f019c2d93a8c88c651a0f-flow-engine-0.9.4.zip’ gespeichert.

     0K ........ ...                                         100% 1,02M=0,7s

2025-07-01 20:54:24 (1,02 MB/s) - ‘./ba2930200c9f019c2d93a8c88c651a0f-flow-engine-0.9.4.zip’ gespeichert [743031/743031]

--2025-07-01 20:54:24--  https://dev-www.libreoffice.org/src/d8bd5eed178db6e2b18eeed243f85aa8-flute-1.1.6.zip
Auflösen des Hostnamens dev-www.libreoffice.org (dev-www.libreoffice.org) … 2a01:4f8:c012:468c::1, 49.13.94.35
Verbindungsaufbau zu dev-www.libreoffice.org (dev-www.libreoffice.org)|2a01:4f8:c012:468c::1|:443 … verbunden.
HTTP-Anforderung gesendet, auf Antwort wird gewartet … 200 OK
Länge: 207563 (203K) [application/zip]
Wird in ‘./d8bd5eed178db6e2b18eeed243f85aa8-flute-1.1.6.zip’ gespeichert.

     0K ...                                                  100% 1,05M=0,2s

2025-07-01 20:54:25 (1,05 MB/s) - ‘./d8bd5eed178db6e2b18eeed243f85aa8-flute-1.1.6.zip’ gespeichert [207563/207563]

--2025-07-01 20:54:25--  https://dev-www.libreoffice.org/src/eeb2c7ddf0d302fba4bfc6e97eac9624-libbase-1.1.6.zip
Auflösen des Hostnamens dev-www.libreoffice.org (dev-www.libreoffice.org) … 2a01:4f8:c012:468c::1, 49.13.94.35
Verbindungsaufbau zu dev-www.libreoffice.org (dev-www.libreoffice.org)|2a01:4f8:c012:468c::1|:443 … verbunden.
HTTP-Anforderung gesendet, auf Antwort wird gewartet … 200 OK
Länge: 427800 (418K) [application/zip]
Wird in ‘./eeb2c7ddf0d302fba4bfc6e97eac9624-libbase-1.1.6.zip’ gespeichert.

     0K ......                                               100% 1,27M=0,3s

2025-07-01 20:54:26 (1,27 MB/s) - ‘./eeb2c7ddf0d302fba4bfc6e97eac9624-libbase-1.1.6.zip’ gespeichert [427800/427800]

--2025-07-01 20:54:26--  https://dev-www.libreoffice.org/src/3bdf40c0d199af31923e900d082ca2dd-libfonts-1.1.6.zip
Auflösen des Hostnamens dev-www.libreoffice.org (dev-www.libreoffice.org) … 2a01:4f8:c012:468c::1, 49.13.94.35
Verbindungsaufbau zu dev-www.libreoffice.org (dev-www.libreoffice.org)|2a01:4f8:c012:468c::1|:443 … verbunden.
HTTP-Anforderung gesendet, auf Antwort wird gewartet … 200 OK
Länge: 5750610 (5,5M) [application/zip]
Wird in ‘./3bdf40c0d199af31923e900d082ca2dd-libfonts-1.1.6.zip’ gespeichert.

     0K ........ ........ ........ ........ ........ ........ 54% 1,40M 2s
  3072K ........ ........ ........ ........ .......          100% 2,34M=3,2s

2025-07-01 20:54:29 (1,71 MB/s) - ‘./3bdf40c0d199af31923e900d082ca2dd-libfonts-1.1.6.zip’ gespeichert [5750610/5750610]

--2025-07-01 20:54:29--  https://dev-www.libreoffice.org/src/3404ab6b1792ae5f16bbd603bd1e1d03-libformula-1.1.7.zip
Auflösen des Hostnamens dev-www.libreoffice.org (dev-www.libreoffice.org) … 2a01:4f8:c012:468c::1, 49.13.94.35
Verbindungsaufbau zu dev-www.libreoffice.org (dev-www.libreoffice.org)|2a01:4f8:c012:468c::1|:443 … verbunden.
HTTP-Anforderung gesendet, auf Antwort wird gewartet … 200 OK
Länge: 1180582 (1,1M) [application/zip]
Wird in ‘./3404ab6b1792ae5f16bbd603bd1e1d03-libformula-1.1.7.zip’ gespeichert.

     0K ........ ........ ..                                 100%  889K=1,3s

2025-07-01 20:54:31 (889 KB/s) - ‘./3404ab6b1792ae5f16bbd603bd1e1d03-libformula-1.1.7.zip’ gespeichert [1180582/1180582]

--2025-07-01 20:54:31--  https://dev-www.libreoffice.org/src/db60e4fde8dd6d6807523deb71ee34dc-liblayout-0.2.10.zip
Auflösen des Hostnamens dev-www.libreoffice.org (dev-www.libreoffice.org) … 2a01:4f8:c012:468c::1, 49.13.94.35
Verbindungsaufbau zu dev-www.libreoffice.org (dev-www.libreoffice.org)|2a01:4f8:c012:468c::1|:443 … verbunden.
HTTP-Anforderung gesendet, auf Antwort wird gewartet … 200 OK
Länge: 1396007 (1,3M) [application/zip]
Wird in ‘./db60e4fde8dd6d6807523deb71ee34dc-liblayout-0.2.10.zip’ gespeichert.

     0K ........ ........ .....                              100% 1,24M=1,1s

2025-07-01 20:54:32 (1,24 MB/s) - ‘./db60e4fde8dd6d6807523deb71ee34dc-liblayout-0.2.10.zip’ gespeichert [1396007/1396007]

--2025-07-01 20:54:33--  https://dev-www.libreoffice.org/src/97b2d4dba862397f446b217e2b623e71-libloader-1.1.6.zip
Auflösen des Hostnamens dev-www.libreoffice.org (dev-www.libreoffice.org) … 2a01:4f8:c012:468c::1, 49.13.94.35
Verbindungsaufbau zu dev-www.libreoffice.org (dev-www.libreoffice.org)|2a01:4f8:c012:468c::1|:443 … verbunden.
HTTP-Anforderung gesendet, auf Antwort wird gewartet … 200 OK
Länge: 2938721 (2,8M) [application/zip]
Wird in ‘./97b2d4dba862397f446b217e2b623e71-libloader-1.1.6.zip’ gespeichert.

     0K ........ ........ ........ ........ ........ ....    100% 1,02M=2,8s

2025-07-01 20:54:36 (1,02 MB/s) - ‘./97b2d4dba862397f446b217e2b623e71-libloader-1.1.6.zip’ gespeichert [2938721/2938721]

--2025-07-01 20:54:36--  https://dev-www.libreoffice.org/src/8ce2fcd72becf06c41f7201d15373ed9-librepository-1.1.6.zip
Auflösen des Hostnamens dev-www.libreoffice.org (dev-www.libreoffice.org) … 2a01:4f8:c012:468c::1, 49.13.94.35
Verbindungsaufbau zu dev-www.libreoffice.org (dev-www.libreoffice.org)|2a01:4f8:c012:468c::1|:443 … verbunden.
HTTP-Anforderung gesendet, auf Antwort wird gewartet … 200 OK
Länge: 762419 (745K) [application/zip]
Wird in ‘./8ce2fcd72becf06c41f7201d15373ed9-librepository-1.1.6.zip’ gespeichert.

     0K ........ ...                                         100%  900K=0,8s

2025-07-01 20:54:37 (900 KB/s) - ‘./8ce2fcd72becf06c41f7201d15373ed9-librepository-1.1.6.zip’ gespeichert [762419/762419]

--2025-07-01 20:54:37--  https://dev-www.libreoffice.org/src/f94d9870737518e3b597f9265f4e9803-libserializer-1.1.6.zip
Auflösen des Hostnamens dev-www.libreoffice.org (dev-www.libreoffice.org) … 2a01:4f8:c012:468c::1, 49.13.94.35
Verbindungsaufbau zu dev-www.libreoffice.org (dev-www.libreoffice.org)|2a01:4f8:c012:468c::1|:443 … verbunden.
HTTP-Anforderung gesendet, auf Antwort wird gewartet … 200 OK
Länge: 211919 (207K) [application/zip]
Wird in ‘./f94d9870737518e3b597f9265f4e9803-libserializer-1.1.6.zip’ gespeichert.

     0K ...                                                  100%  372K=0,6s

2025-07-01 20:54:38 (372 KB/s) - ‘./f94d9870737518e3b597f9265f4e9803-libserializer-1.1.6.zip’ gespeichert [211919/211919]

--2025-07-01 20:54:38--  https://dev-www.libreoffice.org/src/ace6ab49184e329db254e454a010f56d-libxml-1.1.7.zip
Auflösen des Hostnamens dev-www.libreoffice.org (dev-www.libreoffice.org) … 2a01:4f8:c012:468c::1, 49.13.94.35
Verbindungsaufbau zu dev-www.libreoffice.org (dev-www.libreoffice.org)|2a01:4f8:c012:468c::1|:443 … verbunden.
HTTP-Anforderung gesendet, auf Antwort wird gewartet … 200 OK
Länge: 2929311 (2,8M) [application/zip]
Wird in ‘./ace6ab49184e329db254e454a010f56d-libxml-1.1.7.zip’ gespeichert.

     0K ........ ........ ........ ........ ........ ....    100% 1005K=2,8s

2025-07-01 20:54:41 (1005 KB/s) - ‘./ace6ab49184e329db254e454a010f56d-libxml-1.1.7.zip’ gespeichert [2929311/2929311]

--2025-07-01 20:54:41--  https://dev-www.libreoffice.org/src/39bb3fcea1514f1369fcfc87542390fd-sacjava-1.3.zip
Auflösen des Hostnamens dev-www.libreoffice.org (dev-www.libreoffice.org) … 2a01:4f8:c012:468c::1, 49.13.94.35
Verbindungsaufbau zu dev-www.libreoffice.org (dev-www.libreoffice.org)|2a01:4f8:c012:468c::1|:443 … verbunden.
HTTP-Anforderung gesendet, auf Antwort wird gewartet … 200 OK
Länge: 153157 (150K) [application/zip]
Wird in ‘./39bb3fcea1514f1369fcfc87542390fd-sacjava-1.3.zip’ gespeichert.

     0K ..                                                   100%  745K=0,2s

2025-07-01 20:54:42 (745 KB/s) - ‘./39bb3fcea1514f1369fcfc87542390fd-sacjava-1.3.zip’ gespeichert [153157/153157]

--2025-07-01 20:54:42--  https://dev-www.libreoffice.org/src/libjpeg-turbo-2.1.5.1.tar.gz
Auflösen des Hostnamens dev-www.libreoffice.org (dev-www.libreoffice.org) … 2a01:4f8:c012:468c::1, 49.13.94.35
Verbindungsaufbau zu dev-www.libreoffice.org (dev-www.libreoffice.org)|2a01:4f8:c012:468c::1|:443 … verbunden.
HTTP-Anforderung gesendet, auf Antwort wird gewartet … 200 OK
Länge: 2264936 (2,2M) [application/octet-stream]
Wird in ‘./libjpeg-turbo-2.1.5.1.tar.gz’ gespeichert.

     0K ........ ........ ........ ........ ..               100% 1,05M=2,1s

2025-07-01 20:54:45 (1,05 MB/s) - ‘./libjpeg-turbo-2.1.5.1.tar.gz’ gespeichert [2264936/2264936]

--2025-07-01 20:54:45--  https://dev-www.libreoffice.org/src/lcms2-2.17.tar.gz
Auflösen des Hostnamens dev-www.libreoffice.org (dev-www.libreoffice.org) … 2a01:4f8:c012:468c::1, 49.13.94.35
Verbindungsaufbau zu dev-www.libreoffice.org (dev-www.libreoffice.org)|2a01:4f8:c012:468c::1|:443 … verbunden.
HTTP-Anforderung gesendet, auf Antwort wird gewartet … 200 OK
Länge: 5245319 (5,0M) [application/octet-stream]
Wird in ‘./lcms2-2.17.tar.gz’ gespeichert.

     0K ........ ........ ........ ........ ........ ........ 59%  798K 3s
  3072K ........ ........ ........ ........                  100% 1,58M=5,1s

2025-07-01 20:54:50 (1001 KB/s) - ‘./lcms2-2.17.tar.gz’ gespeichert [5245319/5245319]

--2025-07-01 20:54:50--  https://dev-www.libreoffice.org/src/libatomic_ops-7.8.2.tar.gz
Auflösen des Hostnamens dev-www.libreoffice.org (dev-www.libreoffice.org) … 2a01:4f8:c012:468c::1, 49.13.94.35
Verbindungsaufbau zu dev-www.libreoffice.org (dev-www.libreoffice.org)|2a01:4f8:c012:468c::1|:443 … verbunden.
HTTP-Anforderung gesendet, auf Antwort wird gewartet … 200 OK
Länge: 524637 (512K) [application/octet-stream]
Wird in ‘./libatomic_ops-7.8.2.tar.gz’ gespeichert.

     0K ........                                             100% 1,08M=0,5s

2025-07-01 20:54:51 (1,08 MB/s) - ‘./libatomic_ops-7.8.2.tar.gz’ gespeichert [524637/524637]

--2025-07-01 20:54:51--  https://dev-www.libreoffice.org/src/libassuan-3.0.2.tar.bz2
Auflösen des Hostnamens dev-www.libreoffice.org (dev-www.libreoffice.org) … 2a01:4f8:c012:468c::1, 49.13.94.35
Verbindungsaufbau zu dev-www.libreoffice.org (dev-www.libreoffice.org)|2a01:4f8:c012:468c::1|:443 … verbunden.
HTTP-Anforderung gesendet, auf Antwort wird gewartet … 200 OK
Länge: 593917 (580K) [application/octet-stream]
Wird in ‘./libassuan-3.0.2.tar.bz2’ gespeichert.

     0K ........ .                                           100% 1,06M=0,5s

2025-07-01 20:54:52 (1,06 MB/s) - ‘./libassuan-3.0.2.tar.bz2’ gespeichert [593917/593917]

--2025-07-01 20:54:52--  https://dev-www.libreoffice.org/src/libeot-0.01.tar.bz2
Auflösen des Hostnamens dev-www.libreoffice.org (dev-www.libreoffice.org) … 2a01:4f8:c012:468c::1, 49.13.94.35
Verbindungsaufbau zu dev-www.libreoffice.org (dev-www.libreoffice.org)|2a01:4f8:c012:468c::1|:443 … verbunden.
HTTP-Anforderung gesendet, auf Antwort wird gewartet … 200 OK
Länge: 260288 (254K) [application/octet-stream]
Wird in ‘./libeot-0.01.tar.bz2’ gespeichert.

     0K ...                                                  100%  546K=0,5s

2025-07-01 20:54:53 (546 KB/s) - ‘./libeot-0.01.tar.bz2’ gespeichert [260288/260288]

--2025-07-01 20:54:53--  https://dev-www.libreoffice.org/src/libexttextcat-3.4.7.tar.xz
Auflösen des Hostnamens dev-www.libreoffice.org (dev-www.libreoffice.org) … 2a01:4f8:c012:468c::1, 49.13.94.35
Verbindungsaufbau zu dev-www.libreoffice.org (dev-www.libreoffice.org)|2a01:4f8:c012:468c::1|:443 … verbunden.
HTTP-Anforderung gesendet, auf Antwort wird gewartet … 200 OK
Länge: 1122804 (1,1M) [application/octet-stream]
Wird in ‘./libexttextcat-3.4.7.tar.xz’ gespeichert.

     0K ........ ........ .                                  100%  896K=1,2s

2025-07-01 20:54:55 (896 KB/s) - ‘./libexttextcat-3.4.7.tar.xz’ gespeichert [1122804/1122804]

--2025-07-01 20:54:55--  https://dev-www.libreoffice.org/src/libffi-3.4.8.tar.gz
Auflösen des Hostnamens dev-www.libreoffice.org (dev-www.libreoffice.org) … 2a01:4f8:c012:468c::1, 49.13.94.35
Verbindungsaufbau zu dev-www.libreoffice.org (dev-www.libreoffice.org)|2a01:4f8:c012:468c::1|:443 … verbunden.
HTTP-Anforderung gesendet, auf Antwort wird gewartet … 200 OK
Länge: 1397992 (1,3M) [application/octet-stream]
Wird in ‘./libffi-3.4.8.tar.gz’ gespeichert.

     0K ........ ........ .....                              100%  891K=1,5s

2025-07-01 20:54:57 (891 KB/s) - ‘./libffi-3.4.8.tar.gz’ gespeichert [1397992/1397992]

--2025-07-01 20:54:57--  https://dev-www.libreoffice.org/src/libgpg-error-1.54.tar.bz2
Auflösen des Hostnamens dev-www.libreoffice.org (dev-www.libreoffice.org) … 2a01:4f8:c012:468c::1, 49.13.94.35
Verbindungsaufbau zu dev-www.libreoffice.org (dev-www.libreoffice.org)|2a01:4f8:c012:468c::1|:443 … verbunden.
HTTP-Anforderung gesendet, auf Antwort wird gewartet … 200 OK
Länge: 1108176 (1,1M) [application/octet-stream]
Wird in ‘./libgpg-error-1.54.tar.bz2’ gespeichert.

     0K ........ ........                                    100%  964K=1,1s

2025-07-01 20:54:58 (964 KB/s) - ‘./libgpg-error-1.54.tar.bz2’ gespeichert [1108176/1108176]

--2025-07-01 20:54:59--  https://dev-www.libreoffice.org/src/language-subtag-registry-2025-03-10.tar.bz2
Auflösen des Hostnamens dev-www.libreoffice.org (dev-www.libreoffice.org) … 2a01:4f8:c012:468c::1, 49.13.94.35
Verbindungsaufbau zu dev-www.libreoffice.org (dev-www.libreoffice.org)|2a01:4f8:c012:468c::1|:443 … verbunden.
HTTP-Anforderung gesendet, auf Antwort wird gewartet … 200 OK
Länge: 79067 (77K) [application/octet-stream]
Wird in ‘./language-subtag-registry-2025-03-10.tar.bz2’ gespeichert.

     0K .                                                    100%  896K=0,09s

2025-07-01 20:54:59 (896 KB/s) - ‘./language-subtag-registry-2025-03-10.tar.bz2’ gespeichert [79067/79067]

--2025-07-01 20:54:59--  https://dev-www.libreoffice.org/src/liblangtag-0.6.7.tar.bz2
Auflösen des Hostnamens dev-www.libreoffice.org (dev-www.libreoffice.org) … 2a01:4f8:c012:468c::1, 49.13.94.35
Verbindungsaufbau zu dev-www.libreoffice.org (dev-www.libreoffice.org)|2a01:4f8:c012:468c::1|:443 … verbunden.
HTTP-Anforderung gesendet, auf Antwort wird gewartet … 200 OK
Länge: 757041 (739K) [application/octet-stream]
Wird in ‘./liblangtag-0.6.7.tar.bz2’ gespeichert.

     0K ........ ...                                         100%  828K=0,9s

2025-07-01 20:55:00 (828 KB/s) - ‘./liblangtag-0.6.7.tar.bz2’ gespeichert [757041/757041]

--2025-07-01 20:55:00--  https://dev-www.libreoffice.org/src/libnumbertext-1.0.11.tar.xz
Auflösen des Hostnamens dev-www.libreoffice.org (dev-www.libreoffice.org) … 2a01:4f8:c012:468c::1, 49.13.94.35
Verbindungsaufbau zu dev-www.libreoffice.org (dev-www.libreoffice.org)|2a01:4f8:c012:468c::1|:443 … verbunden.
HTTP-Anforderung gesendet, auf Antwort wird gewartet … 200 OK
Länge: 302676 (296K) [application/octet-stream]
Wird in ‘./libnumbertext-1.0.11.tar.xz’ gespeichert.

     0K ....                                                 100% 1,15M=0,3s

2025-07-01 20:55:01 (1,15 MB/s) - ‘./libnumbertext-1.0.11.tar.xz’ gespeichert [302676/302676]

--2025-07-01 20:55:01--  https://dev-www.libreoffice.org/src/libpng-1.6.47.tar.xz
Auflösen des Hostnamens dev-www.libreoffice.org (dev-www.libreoffice.org) … 2a01:4f8:c012:468c::1, 49.13.94.35
Verbindungsaufbau zu dev-www.libreoffice.org (dev-www.libreoffice.org)|2a01:4f8:c012:468c::1|:443 … verbunden.
HTTP-Anforderung gesendet, auf Antwort wird gewartet … 200 OK
Länge: 1054664 (1,0M) [application/octet-stream]
Wird in ‘./libpng-1.6.47.tar.xz’ gespeichert.

     0K ........ ........                                    100% 1,19M=0,8s

2025-07-01 20:55:02 (1,19 MB/s) - ‘./libpng-1.6.47.tar.xz’ gespeichert [1054664/1054664]

--2025-07-01 20:55:02--  https://dev-www.libreoffice.org/src/tiff-4.7.0.tar.xz
Auflösen des Hostnamens dev-www.libreoffice.org (dev-www.libreoffice.org) … 2a01:4f8:c012:468c::1, 49.13.94.35
Verbindungsaufbau zu dev-www.libreoffice.org (dev-www.libreoffice.org)|2a01:4f8:c012:468c::1|:443 … verbunden.
HTTP-Anforderung gesendet, auf Antwort wird gewartet … 200 OK
Länge: 2286220 (2,2M) [application/octet-stream]
Wird in ‘./tiff-4.7.0.tar.xz’ gespeichert.

     0K ........ ........ ........ ........ ..               100% 1,34M=1,6s

2025-07-01 20:55:04 (1,34 MB/s) - ‘./tiff-4.7.0.tar.xz’ gespeichert [2286220/2286220]

--2025-07-01 20:55:04--  https://dev-www.libreoffice.org/src/ltm-1.3.0.tar.xz
Auflösen des Hostnamens dev-www.libreoffice.org (dev-www.libreoffice.org) … 2a01:4f8:c012:468c::1, 49.13.94.35
Verbindungsaufbau zu dev-www.libreoffice.org (dev-www.libreoffice.org)|2a01:4f8:c012:468c::1|:443 … verbunden.
HTTP-Anforderung gesendet, auf Antwort wird gewartet … 200 OK
Länge: 642776 (628K) [application/octet-stream]
Wird in ‘./ltm-1.3.0.tar.xz’ gespeichert.

     0K ........ .                                           100% 1,17M=0,5s

2025-07-01 20:55:05 (1,17 MB/s) - ‘./ltm-1.3.0.tar.xz’ gespeichert [642776/642776]

--2025-07-01 20:55:05--  https://dev-www.libreoffice.org/src/libwebp-1.5.0.tar.gz
Auflösen des Hostnamens dev-www.libreoffice.org (dev-www.libreoffice.org) … 2a01:4f8:c012:468c::1, 49.13.94.35
Verbindungsaufbau zu dev-www.libreoffice.org (dev-www.libreoffice.org)|2a01:4f8:c012:468c::1|:443 … verbunden.
HTTP-Anforderung gesendet, auf Antwort wird gewartet … 200 OK
Länge: 4267494 (4,1M) [application/octet-stream]
Wird in ‘./libwebp-1.5.0.tar.gz’ gespeichert.

     0K ........ ........ ........ ........ ........ ........ 73%  908K 1s
  3072K ........ ........ .                                  100% 2,00M=3,9s

2025-07-01 20:55:10 (1,04 MB/s) - ‘./libwebp-1.5.0.tar.gz’ gespeichert [4267494/4267494]

--2025-07-01 20:55:10--  https://dev-www.libreoffice.org/src/libxml2-2.13.8.tar.xz
Auflösen des Hostnamens dev-www.libreoffice.org (dev-www.libreoffice.org) … 2a01:4f8:c012:468c::1, 49.13.94.35
Verbindungsaufbau zu dev-www.libreoffice.org (dev-www.libreoffice.org)|2a01:4f8:c012:468c::1|:443 … verbunden.
HTTP-Anforderung gesendet, auf Antwort wird gewartet … 200 OK
Länge: 2423128 (2,3M) [application/octet-stream]
Wird in ‘./libxml2-2.13.8.tar.xz’ gespeichert.

     0K ........ ........ ........ ........ ....             100% 1,40M=1,6s

2025-07-01 20:55:12 (1,40 MB/s) - ‘./libxml2-2.13.8.tar.xz’ gespeichert [2423128/2423128]

--2025-07-01 20:55:12--  https://dev-www.libreoffice.org/src/xmlsec1-1.3.6.tar.gz
Auflösen des Hostnamens dev-www.libreoffice.org (dev-www.libreoffice.org) … 2a01:4f8:c012:468c::1, 49.13.94.35
Verbindungsaufbau zu dev-www.libreoffice.org (dev-www.libreoffice.org)|2a01:4f8:c012:468c::1|:443 … verbunden.
HTTP-Anforderung gesendet, auf Antwort wird gewartet … 200 OK
Länge: 2453984 (2,3M) [application/octet-stream]
Wird in ‘./xmlsec1-1.3.6.tar.gz’ gespeichert.

     0K ........ ........ ........ ........ .....            100% 1,34M=1,7s

2025-07-01 20:55:14 (1,34 MB/s) - ‘./xmlsec1-1.3.6.tar.gz’ gespeichert [2453984/2453984]

--2025-07-01 20:55:14--  https://dev-www.libreoffice.org/src/libxslt-1.1.43.tar.xz
Auflösen des Hostnamens dev-www.libreoffice.org (dev-www.libreoffice.org) … 2a01:4f8:c012:468c::1, 49.13.94.35
Verbindungsaufbau zu dev-www.libreoffice.org (dev-www.libreoffice.org)|2a01:4f8:c012:468c::1|:443 … verbunden.
HTTP-Anforderung gesendet, auf Antwort wird gewartet … 200 OK
Länge: 1518364 (1,4M) [application/octet-stream]
Wird in ‘./libxslt-1.1.43.tar.xz’ gespeichert.

     0K ........ ........ .......                            100% 1,01M=1,4s

2025-07-01 20:55:16 (1,01 MB/s) - ‘./libxslt-1.1.43.tar.xz’ gespeichert [1518364/1518364]

--2025-07-01 20:55:16--  https://dev-www.libreoffice.org/src/26b3e95ddf3d9c077c480ea45874b3b8-lp_solve_5.5.tar.gz
Auflösen des Hostnamens dev-www.libreoffice.org (dev-www.libreoffice.org) … 2a01:4f8:c012:468c::1, 49.13.94.35
Verbindungsaufbau zu dev-www.libreoffice.org (dev-www.libreoffice.org)|2a01:4f8:c012:468c::1|:443 … verbunden.
HTTP-Anforderung gesendet, auf Antwort wird gewartet … 200 OK
Länge: 769268 (751K) [application/octet-stream]
Wird in ‘./26b3e95ddf3d9c077c480ea45874b3b8-lp_solve_5.5.tar.gz’ gespeichert.

     0K ........ ...                                         100% 1,19M=0,6s

2025-07-01 20:55:17 (1,19 MB/s) - ‘./26b3e95ddf3d9c077c480ea45874b3b8-lp_solve_5.5.tar.gz’ gespeichert [769268/769268]

--2025-07-01 20:55:17--  https://dev-www.libreoffice.org/src/lxml-5.4.0.tar.gz
Auflösen des Hostnamens dev-www.libreoffice.org (dev-www.libreoffice.org) … 2a01:4f8:c012:468c::1, 49.13.94.35
Verbindungsaufbau zu dev-www.libreoffice.org (dev-www.libreoffice.org)|2a01:4f8:c012:468c::1|:443 … verbunden.
HTTP-Anforderung gesendet, auf Antwort wird gewartet … 200 OK
Länge: 3679479 (3,5M) [application/octet-stream]
Wird in ‘./lxml-5.4.0.tar.gz’ gespeichert.

     0K ........ ........ ........ ........ ........ ........ 85% 1,16M 0s
  3072K ........                                             100% 2,47M=2,8s

2025-07-01 20:55:21 (1,25 MB/s) - ‘./lxml-5.4.0.tar.gz’ gespeichert [3679479/3679479]

--2025-07-01 20:55:21--  https://dev-www.libreoffice.org/src/mariadb-connector-c-3.3.15-src.tar.gz
Auflösen des Hostnamens dev-www.libreoffice.org (dev-www.libreoffice.org) … 2a01:4f8:c012:468c::1, 49.13.94.35
Verbindungsaufbau zu dev-www.libreoffice.org (dev-www.libreoffice.org)|2a01:4f8:c012:468c::1|:443 … verbunden.
HTTP-Anforderung gesendet, auf Antwort wird gewartet … 200 OK
Länge: 1404442 (1,3M) [application/octet-stream]
Wird in ‘./mariadb-connector-c-3.3.15-src.tar.gz’ gespeichert.

     0K ........ ........ .....                              100%  894K=1,5s

2025-07-01 20:55:23 (894 KB/s) - ‘./mariadb-connector-c-3.3.15-src.tar.gz’ gespeichert [1404442/1404442]

--2025-07-01 20:55:23--  https://dev-www.libreoffice.org/src/mdds-2.1.1.tar.xz
Auflösen des Hostnamens dev-www.libreoffice.org (dev-www.libreoffice.org) … 2a01:4f8:c012:468c::1, 49.13.94.35
Verbindungsaufbau zu dev-www.libreoffice.org (dev-www.libreoffice.org)|2a01:4f8:c012:468c::1|:443 … verbunden.
HTTP-Anforderung gesendet, auf Antwort wird gewartet … 200 OK
Länge: 540732 (528K) [application/octet-stream]
Wird in ‘./mdds-2.1.1.tar.xz’ gespeichert.

     0K ........                                             100% 1005K=0,5s

2025-07-01 20:55:24 (1005 KB/s) - ‘./mdds-2.1.1.tar.xz’ gespeichert [540732/540732]

--2025-07-01 20:55:24--  https://dev-www.libreoffice.org/src/zxcvbn-c-2.5.tar.gz
Auflösen des Hostnamens dev-www.libreoffice.org (dev-www.libreoffice.org) … 2a01:4f8:c012:468c::1, 49.13.94.35
Verbindungsaufbau zu dev-www.libreoffice.org (dev-www.libreoffice.org)|2a01:4f8:c012:468c::1|:443 … verbunden.
HTTP-Anforderung gesendet, auf Antwort wird gewartet … 200 OK
Länge: 1404434 (1,3M) [application/octet-stream]
Wird in ‘./zxcvbn-c-2.5.tar.gz’ gespeichert.

     0K ........ ........ .....                              100% 1,31M=1,0s

2025-07-01 20:55:25 (1,31 MB/s) - ‘./zxcvbn-c-2.5.tar.gz’ gespeichert [1404434/1404434]

--2025-07-01 20:55:25--  https://dev-www.libreoffice.org/src/zxing-cpp-2.2.1.tar.gz
Auflösen des Hostnamens dev-www.libreoffice.org (dev-www.libreoffice.org) … 2a01:4f8:c012:468c::1, 49.13.94.35
Verbindungsaufbau zu dev-www.libreoffice.org (dev-www.libreoffice.org)|2a01:4f8:c012:468c::1|:443 … verbunden.
HTTP-Anforderung gesendet, auf Antwort wird gewartet … 200 OK
Länge: 891055 (870K) [application/octet-stream]
Wird in ‘./zxing-cpp-2.2.1.tar.gz’ gespeichert.

     0K ........ .....                                       100%  471K=1,8s

2025-07-01 20:55:27 (471 KB/s) - ‘./zxing-cpp-2.2.1.tar.gz’ gespeichert [891055/891055]

--2025-07-01 20:55:27--  https://dev-www.libreoffice.org/src/mDNSResponder-878.200.35.tar.gz
Auflösen des Hostnamens dev-www.libreoffice.org (dev-www.libreoffice.org) … 2a01:4f8:c012:468c::1, 49.13.94.35
Verbindungsaufbau zu dev-www.libreoffice.org (dev-www.libreoffice.org)|2a01:4f8:c012:468c::1|:443 … verbunden.
HTTP-Anforderung gesendet, auf Antwort wird gewartet … 200 OK
Länge: 2537410 (2,4M) [application/octet-stream]
Wird in ‘./mDNSResponder-878.200.35.tar.gz’ gespeichert.

     0K ........ ........ ........ ........ ......           100% 1,27M=1,9s

2025-07-01 20:55:30 (1,27 MB/s) - ‘./mDNSResponder-878.200.35.tar.gz’ gespeichert [2537410/2537410]

--2025-07-01 20:55:30--  https://dev-www.libreoffice.org/src/libmspub-0.1.4.tar.xz
Auflösen des Hostnamens dev-www.libreoffice.org (dev-www.libreoffice.org) … 2a01:4f8:c012:468c::1, 49.13.94.35
Verbindungsaufbau zu dev-www.libreoffice.org (dev-www.libreoffice.org)|2a01:4f8:c012:468c::1|:443 … verbunden.
HTTP-Anforderung gesendet, auf Antwort wird gewartet … 200 OK
Länge: 377472 (369K) [application/octet-stream]
Wird in ‘./libmspub-0.1.4.tar.xz’ gespeichert.

     0K .....                                                100%  591K=0,6s

2025-07-01 20:55:31 (591 KB/s) - ‘./libmspub-0.1.4.tar.xz’ gespeichert [377472/377472]

--2025-07-01 20:55:31--  https://dev-www.libreoffice.org/src/libmwaw-0.3.22.tar.xz
Auflösen des Hostnamens dev-www.libreoffice.org (dev-www.libreoffice.org) … 2a01:4f8:c012:468c::1, 49.13.94.35
Verbindungsaufbau zu dev-www.libreoffice.org (dev-www.libreoffice.org)|2a01:4f8:c012:468c::1|:443 … verbunden.
HTTP-Anforderung gesendet, auf Antwort wird gewartet … 200 OK
Länge: 1476620 (1,4M) [application/octet-stream]
Wird in ‘./libmwaw-0.3.22.tar.xz’ gespeichert.

     0K ........ ........ ......                             100% 1,10M=1,3s

2025-07-01 20:55:32 (1,10 MB/s) - ‘./libmwaw-0.3.22.tar.xz’ gespeichert [1476620/1476620]

--2025-07-01 20:55:33--  https://dev-www.libreoffice.org/src/mythes-1.2.5.tar.xz
Auflösen des Hostnamens dev-www.libreoffice.org (dev-www.libreoffice.org) … 2a01:4f8:c012:468c::1, 49.13.94.35
Verbindungsaufbau zu dev-www.libreoffice.org (dev-www.libreoffice.org)|2a01:4f8:c012:468c::1|:443 … verbunden.
HTTP-Anforderung gesendet, auf Antwort wird gewartet … 200 OK
Länge: 2891852 (2,8M) [application/octet-stream]
Wird in ‘./mythes-1.2.5.tar.xz’ gespeichert.

     0K ........ ........ ........ ........ ........ ....    100%  827K=3,4s

2025-07-01 20:55:36 (827 KB/s) - ‘./mythes-1.2.5.tar.xz’ gespeichert [2891852/2891852]

--2025-07-01 20:55:37--  https://dev-www.libreoffice.org/src/libodfgen-0.1.8.tar.xz
Auflösen des Hostnamens dev-www.libreoffice.org (dev-www.libreoffice.org) … 2a01:4f8:c012:468c::1, 49.13.94.35
Verbindungsaufbau zu dev-www.libreoffice.org (dev-www.libreoffice.org)|2a01:4f8:c012:468c::1|:443 … verbunden.
HTTP-Anforderung gesendet, auf Antwort wird gewartet … 200 OK
Länge: 386156 (377K) [application/octet-stream]
Wird in ‘./libodfgen-0.1.8.tar.xz’ gespeichert.

     0K .....                                                100%  976K=0,4s

2025-07-01 20:55:37 (976 KB/s) - ‘./libodfgen-0.1.8.tar.xz’ gespeichert [386156/386156]

--2025-07-01 20:55:37--  https://dev-www.libreoffice.org/src/onlineupdate-c003be8b9727672e7d30972983b375f4c200233f-2.tar.xz
Auflösen des Hostnamens dev-www.libreoffice.org (dev-www.libreoffice.org) … 2a01:4f8:c012:468c::1, 49.13.94.35
Verbindungsaufbau zu dev-www.libreoffice.org (dev-www.libreoffice.org)|2a01:4f8:c012:468c::1|:443 … verbunden.
HTTP-Anforderung gesendet, auf Antwort wird gewartet … 200 OK
Länge: 358092 (350K) [application/octet-stream]
Wird in ‘./onlineupdate-c003be8b9727672e7d30972983b375f4c200233f-2.tar.xz’ gespeichert.

     0K .....                                                100%  746K=0,5s

2025-07-01 20:55:38 (746 KB/s) - ‘./onlineupdate-c003be8b9727672e7d30972983b375f4c200233f-2.tar.xz’ gespeichert [358092/358092]

--2025-07-01 20:55:38--  https://dev-www.libreoffice.org/src/openldap-2.6.9.tgz
Auflösen des Hostnamens dev-www.libreoffice.org (dev-www.libreoffice.org) … 2a01:4f8:c012:468c::1, 49.13.94.35
Verbindungsaufbau zu dev-www.libreoffice.org (dev-www.libreoffice.org)|2a01:4f8:c012:468c::1|:443 … verbunden.
HTTP-Anforderung gesendet, auf Antwort wird gewartet … 200 OK
Länge: 6516669 (6,2M) [application/octet-stream]
Wird in ‘./openldap-2.6.9.tgz’ gespeichert.

     0K ........ ........ ........ ........ ........ ........ 48% 1,05M 3s
  3072K ........ ........ ........ ........ ........ ........ 96% 1,09M 0s
  6144K ...                                                  100%  709K=5,9s

2025-07-01 20:55:44 (1,05 MB/s) - ‘./openldap-2.6.9.tgz’ gespeichert [6516669/6516669]

--2025-07-01 20:55:45--  https://dev-www.libreoffice.org/src/liborcus-0.19.2.tar.xz
Auflösen des Hostnamens dev-www.libreoffice.org (dev-www.libreoffice.org) … 2a01:4f8:c012:468c::1, 49.13.94.35
Verbindungsaufbau zu dev-www.libreoffice.org (dev-www.libreoffice.org)|2a01:4f8:c012:468c::1|:443 … verbunden.
HTTP-Anforderung gesendet, auf Antwort wird gewartet … 200 OK
Länge: 2211268 (2,1M) [application/octet-stream]
Wird in ‘./liborcus-0.19.2.tar.xz’ gespeichert.

     0K ........ ........ ........ ........ .                100% 1,33M=1,6s

2025-07-01 20:55:47 (1,33 MB/s) - ‘./liborcus-0.19.2.tar.xz’ gespeichert [2211268/2211268]

--2025-07-01 20:55:47--  https://dev-www.libreoffice.org/src/libpagemaker-0.0.4.tar.xz
Auflösen des Hostnamens dev-www.libreoffice.org (dev-www.libreoffice.org) … 2a01:4f8:c012:468c::1, 49.13.94.35
Verbindungsaufbau zu dev-www.libreoffice.org (dev-www.libreoffice.org)|2a01:4f8:c012:468c::1|:443 … verbunden.
HTTP-Anforderung gesendet, auf Antwort wird gewartet … 200 OK
Länge: 306496 (299K) [application/octet-stream]
Wird in ‘./libpagemaker-0.0.4.tar.xz’ gespeichert.

     0K ....                                                 100% 1,04M=0,3s

2025-07-01 20:55:47 (1,04 MB/s) - ‘./libpagemaker-0.0.4.tar.xz’ gespeichert [306496/306496]

--2025-07-01 20:55:47--  https://dev-www.libreoffice.org/src/pdfium-6764.tar.bz2
Auflösen des Hostnamens dev-www.libreoffice.org (dev-www.libreoffice.org) … 2a01:4f8:c012:468c::1, 49.13.94.35
Verbindungsaufbau zu dev-www.libreoffice.org (dev-www.libreoffice.org)|2a01:4f8:c012:468c::1|:443 … verbunden.
HTTP-Anforderung gesendet, auf Antwort wird gewartet … 200 OK
Länge: 11121305 (11M) [application/octet-stream]
Wird in ‘./pdfium-6764.tar.bz2’ gespeichert.

     0K ........ ........ ........ ........ ........ ........ 28% 1,32M 6s
  3072K ........ ........ ........ ........ ........ ........ 56% 1,84M 3s
  6144K ........ ........ ........ ........ ........ ........ 84% 1,70M 1s
  9216K ........ ........ ........ .                         100% 1,77M=6,6s

2025-07-01 20:55:54 (1,61 MB/s) - ‘./pdfium-6764.tar.bz2’ gespeichert [11121305/11121305]

--2025-07-01 20:55:55--  https://dev-www.libreoffice.org/src/poppler-25.01.0.tar.xz
Auflösen des Hostnamens dev-www.libreoffice.org (dev-www.libreoffice.org) … 2a01:4f8:c012:468c::1, 49.13.94.35
Verbindungsaufbau zu dev-www.libreoffice.org (dev-www.libreoffice.org)|2a01:4f8:c012:468c::1|:443 … verbunden.
HTTP-Anforderung gesendet, auf Antwort wird gewartet … 200 OK
Länge: 1942508 (1,9M) [application/octet-stream]
Wird in ‘./poppler-25.01.0.tar.xz’ gespeichert.

     0K ........ ........ ........ .....                     100% 1,33M=1,4s

2025-07-01 20:55:56 (1,33 MB/s) - ‘./poppler-25.01.0.tar.xz’ gespeichert [1942508/1942508]

--2025-07-01 20:55:56--  https://dev-www.libreoffice.org/src/poppler-data-0.4.12.tar.gz
Auflösen des Hostnamens dev-www.libreoffice.org (dev-www.libreoffice.org) … 2a01:4f8:c012:468c::1, 49.13.94.35
Verbindungsaufbau zu dev-www.libreoffice.org (dev-www.libreoffice.org)|2a01:4f8:c012:468c::1|:443 … verbunden.
HTTP-Anforderung gesendet, auf Antwort wird gewartet … 200 OK
Länge: 4504754 (4,3M) [application/octet-stream]
Wird in ‘./poppler-data-0.4.12.tar.gz’ gespeichert.

     0K ........ ........ ........ ........ ........ ........ 69% 1,09M 1s
  3072K ........ ........ ....                               100% 1,99M=3,4s

2025-07-01 20:56:00 (1,26 MB/s) - ‘./poppler-data-0.4.12.tar.gz’ gespeichert [4504754/4504754]

--2025-07-01 20:56:00--  https://dev-www.libreoffice.org/src/libqxp-0.0.2.tar.xz
Auflösen des Hostnamens dev-www.libreoffice.org (dev-www.libreoffice.org) … 2a01:4f8:c012:468c::1, 49.13.94.35
Verbindungsaufbau zu dev-www.libreoffice.org (dev-www.libreoffice.org)|2a01:4f8:c012:468c::1|:443 … verbunden.
HTTP-Anforderung gesendet, auf Antwort wird gewartet … 200 OK
Länge: 341760 (334K) [application/octet-stream]
Wird in ‘./libqxp-0.0.2.tar.xz’ gespeichert.

     0K .....                                                100%  787K=0,4s

2025-07-01 20:56:01 (787 KB/s) - ‘./libqxp-0.0.2.tar.xz’ gespeichert [341760/341760]

--2025-07-01 20:56:01--  https://dev-www.libreoffice.org/src/raptor2-2.0.16.tar.gz
Auflösen des Hostnamens dev-www.libreoffice.org (dev-www.libreoffice.org) … 2a01:4f8:c012:468c::1, 49.13.94.35
Verbindungsaufbau zu dev-www.libreoffice.org (dev-www.libreoffice.org)|2a01:4f8:c012:468c::1|:443 … verbunden.
HTTP-Anforderung gesendet, auf Antwort wird gewartet … 200 OK
Länge: 1750726 (1,7M) [application/octet-stream]
Wird in ‘./raptor2-2.0.16.tar.gz’ gespeichert.

     0K ........ ........ ........ ..                        100% 1,33M=1,3s

2025-07-01 20:56:02 (1,33 MB/s) - ‘./raptor2-2.0.16.tar.gz’ gespeichert [1750726/1750726]

--2025-07-01 20:56:02--  https://dev-www.libreoffice.org/src/1f5def51ca0026cd192958ef07228b52-rasqal-0.9.33.tar.gz
Auflösen des Hostnamens dev-www.libreoffice.org (dev-www.libreoffice.org) … 2a01:4f8:c012:468c::1, 49.13.94.35
Verbindungsaufbau zu dev-www.libreoffice.org (dev-www.libreoffice.org)|2a01:4f8:c012:468c::1|:443 … verbunden.
HTTP-Anforderung gesendet, auf Antwort wird gewartet … 200 OK
Länge: 1595647 (1,5M) [application/octet-stream]
Wird in ‘./1f5def51ca0026cd192958ef07228b52-rasqal-0.9.33.tar.gz’ gespeichert.

     0K ........ ........ ........                           100% 1,06M=1,4s

2025-07-01 20:56:04 (1,06 MB/s) - ‘./1f5def51ca0026cd192958ef07228b52-rasqal-0.9.33.tar.gz’ gespeichert [1595647/1595647]

--2025-07-01 20:56:04--  https://dev-www.libreoffice.org/src/e5be03eda13ef68aabab6e42aa67715e-redland-1.0.17.tar.gz
Auflösen des Hostnamens dev-www.libreoffice.org (dev-www.libreoffice.org) … 2a01:4f8:c012:468c::1, 49.13.94.35
Verbindungsaufbau zu dev-www.libreoffice.org (dev-www.libreoffice.org)|2a01:4f8:c012:468c::1|:443 … verbunden.
HTTP-Anforderung gesendet, auf Antwort wird gewartet … 200 OK
Länge: 1621566 (1,5M) [application/octet-stream]
Wird in ‘./e5be03eda13ef68aabab6e42aa67715e-redland-1.0.17.tar.gz’ gespeichert.

     0K ........ ........ ........                           100% 1,03M=1,5s

2025-07-01 20:56:06 (1,03 MB/s) - ‘./e5be03eda13ef68aabab6e42aa67715e-redland-1.0.17.tar.gz’ gespeichert [1621566/1621566]

--2025-07-01 20:56:06--  https://dev-www.libreoffice.org/src/librevenge-0.0.5.tar.bz2
Auflösen des Hostnamens dev-www.libreoffice.org (dev-www.libreoffice.org) … 2a01:4f8:c012:468c::1, 49.13.94.35
Verbindungsaufbau zu dev-www.libreoffice.org (dev-www.libreoffice.org)|2a01:4f8:c012:468c::1|:443 … verbunden.
HTTP-Anforderung gesendet, auf Antwort wird gewartet … 200 OK
Länge: 534079 (522K) [application/octet-stream]
Wird in ‘./librevenge-0.0.5.tar.bz2’ gespeichert.

     0K ........                                             100%  987K=0,5s

2025-07-01 20:56:07 (987 KB/s) - ‘./librevenge-0.0.5.tar.bz2’ gespeichert [534079/534079]

--2025-07-01 20:56:07--  https://dev-www.libreoffice.org/src/rhino-1.7.15.zip
Auflösen des Hostnamens dev-www.libreoffice.org (dev-www.libreoffice.org) … 2a01:4f8:c012:468c::1, 49.13.94.35
Verbindungsaufbau zu dev-www.libreoffice.org (dev-www.libreoffice.org)|2a01:4f8:c012:468c::1|:443 … verbunden.
HTTP-Anforderung gesendet, auf Antwort wird gewartet … 200 OK
Länge: 5856077 (5,6M) [application/zip]
Wird in ‘./rhino-1.7.15.zip’ gespeichert.

     0K ........ ........ ........ ........ ........ ........ 53%  959K 3s
  3072K ........ ........ ........ ........ ........ .       100% 1,88M=4,6s

2025-07-01 20:56:12 (1,22 MB/s) - ‘./rhino-1.7.15.zip’ gespeichert [5856077/5856077]

--2025-07-01 20:56:12--  https://dev-www.libreoffice.org/src/skia-m130-3c64459d5df2fa9794b277f0959ed8a92552bf4c.tar.xz
Auflösen des Hostnamens dev-www.libreoffice.org (dev-www.libreoffice.org) … 2a01:4f8:c012:468c::1, 49.13.94.35
Verbindungsaufbau zu dev-www.libreoffice.org (dev-www.libreoffice.org)|2a01:4f8:c012:468c::1|:443 … verbunden.
HTTP-Anforderung gesendet, auf Antwort wird gewartet … 200 OK
Länge: 14368844 (14M) [application/octet-stream]
Wird in ‘./skia-m130-3c64459d5df2fa9794b277f0959ed8a92552bf4c.tar.xz’ gespeichert.

     0K ........ ........ ........ ........ ........ ........ 21% 1,04M 10s
  3072K ........ ........ ........ ........ ........ ........ 43% 1,54M 6s
  6144K ........ ........ ........ ........ ........ ........ 65% 1,31M 4s
  9216K ........ ........ ........ ........ ........ ........ 87% 1,61M 1s
 12288K ........ ........ ........ ...                       100% 1,38M=10s

2025-07-01 20:56:23 (1,34 MB/s) - ‘./skia-m130-3c64459d5df2fa9794b277f0959ed8a92552bf4c.tar.xz’ gespeichert [14368844/14368844]

--2025-07-01 20:56:23--  https://dev-www.libreoffice.org/src/libstaroffice-0.0.7.tar.xz
Auflösen des Hostnamens dev-www.libreoffice.org (dev-www.libreoffice.org) … 2a01:4f8:c012:468c::1, 49.13.94.35
Verbindungsaufbau zu dev-www.libreoffice.org (dev-www.libreoffice.org)|2a01:4f8:c012:468c::1|:443 … verbunden.
HTTP-Anforderung gesendet, auf Antwort wird gewartet … 200 OK
Länge: 707920 (691K) [application/octet-stream]
Wird in ‘./libstaroffice-0.0.7.tar.xz’ gespeichert.

     0K ........ ..                                          100%  897K=0,8s

2025-07-01 20:56:24 (897 KB/s) - ‘./libstaroffice-0.0.7.tar.xz’ gespeichert [707920/707920]

--2025-07-01 20:56:24--  https://dev-www.libreoffice.org/src/libvisio-0.1.8.tar.xz
Auflösen des Hostnamens dev-www.libreoffice.org (dev-www.libreoffice.org) … 2a01:4f8:c012:468c::1, 49.13.94.35
Verbindungsaufbau zu dev-www.libreoffice.org (dev-www.libreoffice.org)|2a01:4f8:c012:468c::1|:443 … verbunden.
HTTP-Anforderung gesendet, auf Antwort wird gewartet … 200 OK
Länge: 1686344 (1,6M) [application/octet-stream]
Wird in ‘./libvisio-0.1.8.tar.xz’ gespeichert.

     0K ........ ........ ........ .                         100% 1,09M=1,5s

2025-07-01 20:56:26 (1,09 MB/s) - ‘./libvisio-0.1.8.tar.xz’ gespeichert [1686344/1686344]

--2025-07-01 20:56:26--  https://dev-www.libreoffice.org/src/libwpd-0.10.3.tar.xz
Auflösen des Hostnamens dev-www.libreoffice.org (dev-www.libreoffice.org) … 2a01:4f8:c012:468c::1, 49.13.94.35
Verbindungsaufbau zu dev-www.libreoffice.org (dev-www.libreoffice.org)|2a01:4f8:c012:468c::1|:443 … verbunden.
HTTP-Anforderung gesendet, auf Antwort wird gewartet … 200 OK
Länge: 534712 (522K) [application/octet-stream]
Wird in ‘./libwpd-0.10.3.tar.xz’ gespeichert.

     0K ........                                             100%  924K=0,6s

2025-07-01 20:56:27 (924 KB/s) - ‘./libwpd-0.10.3.tar.xz’ gespeichert [534712/534712]

--2025-07-01 20:56:27--  https://dev-www.libreoffice.org/src/libwpg-0.3.4.tar.xz
Auflösen des Hostnamens dev-www.libreoffice.org (dev-www.libreoffice.org) … 2a01:4f8:c012:468c::1, 49.13.94.35
Verbindungsaufbau zu dev-www.libreoffice.org (dev-www.libreoffice.org)|2a01:4f8:c012:468c::1|:443 … verbunden.
HTTP-Anforderung gesendet, auf Antwort wird gewartet … 200 OK
Länge: 340428 (332K) [application/octet-stream]
Wird in ‘./libwpg-0.3.4.tar.xz’ gespeichert.

     0K .....                                                100%  883K=0,4s

2025-07-01 20:56:28 (883 KB/s) - ‘./libwpg-0.3.4.tar.xz’ gespeichert [340428/340428]

--2025-07-01 20:56:28--  https://dev-www.libreoffice.org/src/libwps-0.4.14.tar.xz
Auflösen des Hostnamens dev-www.libreoffice.org (dev-www.libreoffice.org) … 2a01:4f8:c012:468c::1, 49.13.94.35
Verbindungsaufbau zu dev-www.libreoffice.org (dev-www.libreoffice.org)|2a01:4f8:c012:468c::1|:443 … verbunden.
HTTP-Anforderung gesendet, auf Antwort wird gewartet … 200 OK
Länge: 719016 (702K) [application/octet-stream]
Wird in ‘./libwps-0.4.14.tar.xz’ gespeichert.

     0K ........ ..                                          100%  744K=0,9s

2025-07-01 20:56:29 (744 KB/s) - ‘./libwps-0.4.14.tar.xz’ gespeichert [719016/719016]

--2025-07-01 20:56:30--  https://dev-www.libreoffice.org/src/a7983f859eafb2677d7ff386a023bc40-xsltml_2.1.2.zip
Auflösen des Hostnamens dev-www.libreoffice.org (dev-www.libreoffice.org) … 2a01:4f8:c012:468c::1, 49.13.94.35
Verbindungsaufbau zu dev-www.libreoffice.org (dev-www.libreoffice.org)|2a01:4f8:c012:468c::1|:443 … verbunden.
HTTP-Anforderung gesendet, auf Antwort wird gewartet … 200 OK
Länge: 23150 (23K) [application/zip]
Wird in ‘./a7983f859eafb2677d7ff386a023bc40-xsltml_2.1.2.zip’ gespeichert.

     0K                                                      100%  255M=0s

2025-07-01 20:56:30 (255 MB/s) - ‘./a7983f859eafb2677d7ff386a023bc40-xsltml_2.1.2.zip’ gespeichert [23150/23150]

--2025-07-01 20:56:30--  https://dev-www.libreoffice.org/src/zlib-1.3.1.tar.xz
Auflösen des Hostnamens dev-www.libreoffice.org (dev-www.libreoffice.org) … 2a01:4f8:c012:468c::1, 49.13.94.35
Verbindungsaufbau zu dev-www.libreoffice.org (dev-www.libreoffice.org)|2a01:4f8:c012:468c::1|:443 … verbunden.
HTTP-Anforderung gesendet, auf Antwort wird gewartet … 200 OK
Länge: 1305740 (1,2M) [application/octet-stream]
Wird in ‘./zlib-1.3.1.tar.xz’ gespeichert.

     0K ........ ........ ...                                100% 1,31M=1,0s

2025-07-01 20:56:31 (1,31 MB/s) - ‘./zlib-1.3.1.tar.xz’ gespeichert [1305740/1305740]

--2025-07-01 20:56:32--  https://dev-www.libreoffice.org/src/libzmf-0.0.2.tar.xz
Auflösen des Hostnamens dev-www.libreoffice.org (dev-www.libreoffice.org) … 2a01:4f8:c012:468c::1, 49.13.94.35
Verbindungsaufbau zu dev-www.libreoffice.org (dev-www.libreoffice.org)|2a01:4f8:c012:468c::1|:443 … verbunden.
HTTP-Anforderung gesendet, auf Antwort wird gewartet … 200 OK
Länge: 320952 (313K) [application/octet-stream]
Wird in ‘./libzmf-0.0.2.tar.xz’ gespeichert.

     0K ....                                                 100%  881K=0,4s

2025-07-01 20:56:32 (881 KB/s) - ‘./libzmf-0.0.2.tar.xz’ gespeichert [320952/320952]

--2025-07-01 20:56:32--  https://dev-www.libreoffice.org/extern/f543e6e2d7275557a839a164941c0a86e5f2c3f2a0042bfc434c88c6dde9e140-opens___.ttf
Auflösen des Hostnamens dev-www.libreoffice.org (dev-www.libreoffice.org) … 2a01:4f8:c012:468c::1, 49.13.94.35
Verbindungsaufbau zu dev-www.libreoffice.org (dev-www.libreoffice.org)|2a01:4f8:c012:468c::1|:443 … verbunden.
HTTP-Anforderung gesendet, auf Antwort wird gewartet … 200 OK
Länge: 207992 (203K) [application/octet-stream]
Wird in ‘./f543e6e2d7275557a839a164941c0a86e5f2c3f2a0042bfc434c88c6dde9e140-opens___.ttf’ gespeichert.

     0K ...                                                  100%  875K=0,2s

2025-07-01 20:56:33 (875 KB/s) - ‘./f543e6e2d7275557a839a164941c0a86e5f2c3f2a0042bfc434c88c6dde9e140-opens___.ttf’ gespeichert [207992/207992]

--2025-07-01 20:56:33--  https://dev-www.libreoffice.org/extern/odfvalidator-0.9.0-RC2-SNAPSHOT-jar-with-dependencies-2726ab578664434a545f8379a01a9faffac0ae73.jar
Auflösen des Hostnamens dev-www.libreoffice.org (dev-www.libreoffice.org) … 2a01:4f8:c012:468c::1, 49.13.94.35
Verbindungsaufbau zu dev-www.libreoffice.org (dev-www.libreoffice.org)|2a01:4f8:c012:468c::1|:443 … verbunden.
HTTP-Anforderung gesendet, auf Antwort wird gewartet … 200 OK
Länge: 27397202 (26M) [application/java-archive]
Wird in ‘./odfvalidator-0.9.0-RC2-SNAPSHOT-jar-with-dependencies-2726ab578664434a545f8379a01a9faffac0ae73.jar’ gespeichert.

     0K ........ ........ ........ ........ ........ ........ 11% 1,20M 19s
  3072K ........ ........ ........ ........ ........ ........ 22%  979K 19s
  6144K ........ ........ ........ ........ ........ ........ 34% 1,42M 15s
  9216K ........ ........ ........ ........ ........ ........ 45%  878K 13s
 12288K ........ ........ ........ ........ ........ ........ 57% 1,05M 10s
 15360K ........ ........ ........ ........ ........ ........ 68%  996K 8s
 18432K ........ ........ ........ ........ ........ ........ 80% 1,12M 5s
 21504K ........ ........ ........ ........ ........ ........ 91% 1,31M 2s
 24576K ........ ........ ........ ........ ..               100% 1,15M=24s

2025-07-01 20:56:57 (1,09 MB/s) - ‘./odfvalidator-0.9.0-RC2-SNAPSHOT-jar-with-dependencies-2726ab578664434a545f8379a01a9faffac0ae73.jar’ gespeichert [27397202/27397202]

--2025-07-01 20:56:58--  https://dev-www.libreoffice.org/extern/8249374c274932a21846fa7629c2aa9b-officeotron-0.7.4-master.jar
Auflösen des Hostnamens dev-www.libreoffice.org (dev-www.libreoffice.org) … 2a01:4f8:c012:468c::1, 49.13.94.35
Verbindungsaufbau zu dev-www.libreoffice.org (dev-www.libreoffice.org)|2a01:4f8:c012:468c::1|:443 … verbunden.
HTTP-Anforderung gesendet, auf Antwort wird gewartet … 200 OK
Länge: 2448421 (2,3M) [application/java-archive]
Wird in ‘./8249374c274932a21846fa7629c2aa9b-officeotron-0.7.4-master.jar’ gespeichert.

     0K ........ ........ ........ ........ .....            100% 1,07M=2,2s

2025-07-01 20:57:00 (1,07 MB/s) - ‘./8249374c274932a21846fa7629c2aa9b-officeotron-0.7.4-master.jar’ gespeichert [2448421/2448421]

--2025-07-01 20:57:00--  https://www.ginac.de/CLN/cln-1.3.7.tar.bz2
Auflösen des Hostnamens www.ginac.de (www.ginac.de) … 2a03:4000:17:152::1, 188.68.41.94
Verbindungsaufbau zu www.ginac.de (www.ginac.de)|2a03:4000:17:152::1|:443 … verbunden.
HTTP-Anforderung gesendet, auf Antwort wird gewartet … 200 OK
Länge: 1337235 (1,3M) [application/x-bzip2]
Wird in ‘./cln-1.3.7.tar.bz2’ gespeichert.

     0K ........ ........ ....                               100% 1,05M=1,2s

2025-07-01 20:57:02 (1,05 MB/s) - ‘./cln-1.3.7.tar.bz2’ gespeichert [1337235/1337235]

--2025-07-01 20:57:02--  https://www.ginac.de/ginac-1.8.9.tar.bz2
Auflösen des Hostnamens www.ginac.de (www.ginac.de) … 2a03:4000:17:152::1, 188.68.41.94
Verbindungsaufbau zu www.ginac.de (www.ginac.de)|2a03:4000:17:152::1|:443 … verbunden.
HTTP-Anforderung gesendet, auf Antwort wird gewartet … 200 OK
Länge: 1173214 (1,1M) [application/x-bzip2]
Wird in ‘./ginac-1.8.9.tar.bz2’ gespeichert.

     0K ........ ........ .                                  100% 1,16M=1,0s

2025-07-01 20:57:03 (1,16 MB/s) - ‘./ginac-1.8.9.tar.bz2’ gespeichert [1173214/1173214]

